ParseException: Encountered " "=" "= "" at line 1, column 6.
Was expecting:
    ...