Runtime Error:
InterpreterError: Variable y not found