TypeError: Variable x already defined in this scope