Syntax Error:
ParseException: Encountered " ";;" ";; "" at line 2, column 2.
Was expecting one of:
    ...