Syntax Error:
ParseException: Encountered " <Id> "x "" at line 2, column 1.
Was expecting one of:
    "+" ...
    "-" ...
    "*" ...
    "/" ...
    "(" ...
    ";" ...
    "&&" ...
    "||" ...
    "==" ...
    ">" ...
    "<" ...
    ">=" ...
    "<=" ...
    "~=" ...
    "::" ...
    