Syntax Error:
ParseException: Encountered " "+" "+ "" at line 1, column 12.
Was expecting one of:
    "true" ...
    "false" ...
    "-" ...
    "*" ...
    "(" ...
    "~" ...
    "box" ...
    "if" ...
    "while" ...
    "print" ...
    "println" ...
    "fn" ...
    "nil" ...
    "match" ...
    "lcons" ...
    <Id> ...
    <Num> ...
    