Runtime Error:
InterpreterError: Match expression must evaluate to a list or lazy list