Runtime Error:
InterpreterError: Type error: if condition must be boolean