Runtime Error:
InterpreterError: Left side of assignment must be a reference