Runtime Error:
InterpreterError: Type error: == requires matching numeric or boolean operands