Syntax Error:
ParseException: Encountered " "," ", "" at line 2, column 6.
Was expecting one of:
    "+" ...
    "-" ...
    "*" ...
    "/" ...
    "(" ...
    ")" ...
    "&&" ...
    "||" ...
    "==" ...
    ">" ...
    "<" ...
    ">=" ...
    "<=" ...
    "~=" ...
    "::" ...
    "(" ...
    