TypeError: == requires matching int or bool operands, got int and bool