Type Error:
TypeError: Left side of assignment must be a reference type, got int