Type Error:
TypeError: Cannot assign string to int in struct field