TypeError: Cannot dereference non-reference type int