Type Error:
TypeError: Function application requires a function type, got int