Type Error:
TypeError: if condition must be bool, got int