Runtime Error:
InterpreterError: Illegal types to + operator