TypeError: Expression type struct { name: int } does not match declared type struct { name: int, age: int }