TypeError: List match requires a list type, got int