TypeError: List element type mismatch: expected int, got struct { x: int, y: int, z: int }