Type Error:
TypeError: Variant type mismatch: expected int, got string