Runtime Error:
InterpreterError: Type error: && requires boolean operands