TypeError: Expression type struct { next: ref<union { none: () }>, value: int } does not match declared type struct { next: ref<union { some: Node, none: () }>, value: int }